c:\Lang\django1\metax\blog
c:\Lang\django1\metax\db.sqlite3
c:\Lang\django1\metax\dq
c:\Lang\django1\metax\files.lst
c:\Lang\django1\metax\ldb.sqlite3
c:\Lang\django1\metax\manage.py
c:\Lang\django1\metax\mdl2tbl
c:\Lang\django1\metax\metax
c:\Lang\django1\metax\run.bat
c:\Lang\django1\metax\run_prod.bat
c:\Lang\django1\metax\start_http.bat
c:\Lang\django1\metax\static
c:\Lang\django1\metax\stop_http.bat
c:\Lang\django1\metax\templates
c:\Lang\django1\metax\twisted_run.tac
c:\Lang\django1\metax\__pycache__
c:\Lang\django1\metax\blog\admin.py
c:\Lang\django1\metax\blog\apps.py
c:\Lang\django1\metax\blog\forms.py
c:\Lang\django1\metax\blog\migrations
c:\Lang\django1\metax\blog\models.py
c:\Lang\django1\metax\blog\static
c:\Lang\django1\metax\blog\templates
c:\Lang\django1\metax\blog\tests.py
c:\Lang\django1\metax\blog\urls.py
c:\Lang\django1\metax\blog\views.py
c:\Lang\django1\metax\blog\__init__.py
c:\Lang\django1\metax\blog\__pycache__
c:\Lang\django1\metax\blog\migrations\__init__.py
c:\Lang\django1\metax\blog\migrations\__pycache__
c:\Lang\django1\metax\blog\migrations\__pycache__\__init__.cpython-35.pyc
c:\Lang\django1\metax\blog\static\css
c:\Lang\django1\metax\blog\static\css\blog.css
c:\Lang\django1\metax\blog\templates\blog
c:\Lang\django1\metax\blog\templates\blog\base_x.html
c:\Lang\django1\metax\blog\templates\blog\pages.html
c:\Lang\django1\metax\blog\templates\blog\post_detail.html
c:\Lang\django1\metax\blog\templates\blog\post_draft_list.html
c:\Lang\django1\metax\blog\templates\blog\post_edit.html
c:\Lang\django1\metax\blog\templates\blog\post_list.html
c:\Lang\django1\metax\blog\templates\blog\post_page.html
c:\Lang\django1\metax\blog\templates\blog\test.html
c:\Lang\django1\metax\blog\__pycache__\admin.cpython-35.pyc
c:\Lang\django1\metax\blog\__pycache__\forms.cpython-35.pyc
c:\Lang\django1\metax\blog\__pycache__\models.cpython-35.pyc
c:\Lang\django1\metax\blog\__pycache__\urls.cpython-35.pyc
c:\Lang\django1\metax\blog\__pycache__\views.cpython-35.pyc
c:\Lang\django1\metax\blog\__pycache__\__init__.cpython-35.pyc
c:\Lang\django1\metax\dq\admin.py
c:\Lang\django1\metax\dq\apps.py
c:\Lang\django1\metax\dq\forms.py
c:\Lang\django1\metax\dq\funcs.py
c:\Lang\django1\metax\dq\migrations
c:\Lang\django1\metax\dq\models.py
c:\Lang\django1\metax\dq\out_table.py
c:\Lang\django1\metax\dq\tasks.py
c:\Lang\django1\metax\dq\templates
c:\Lang\django1\metax\dq\tests.py
c:\Lang\django1\metax\dq\urls.py
c:\Lang\django1\metax\dq\views.py
c:\Lang\django1\metax\dq\__init__.py
c:\Lang\django1\metax\dq\__pycache__
c:\Lang\django1\metax\dq\migrations\__init__.py
c:\Lang\django1\metax\dq\migrations\__pycache__
c:\Lang\django1\metax\dq\migrations\__pycache__\__init__.cpython-35.pyc
c:\Lang\django1\metax\dq\templates\dummy.html
c:\Lang\django1\metax\dq\templates\ilm_form.html
c:\Lang\django1\metax\dq\templates\ilm_list.html
c:\Lang\django1\metax\dq\templates\tblCpy_ajax.html
c:\Lang\django1\metax\dq\templates\tblCpy_ajax2.html
c:\Lang\django1\metax\dq\templates\tblCpy_form.html
c:\Lang\django1\metax\dq\templates\tblCpy_list.html
c:\Lang\django1\metax\dq\templates\tblCpy_list2.html
c:\Lang\django1\metax\dq\templates\vrfyLog_ajax.html
c:\Lang\django1\metax\dq\templates\vrfyLog_ajax_run.html
c:\Lang\django1\metax\dq\templates\vrfyLog_list.html
c:\Lang\django1\metax\dq\templates\vrfyLog_tasks.html
c:\Lang\django1\metax\dq\templates\vrfy_Cmd_form.html
c:\Lang\django1\metax\dq\templates\vrfy_Cmd_list.html
c:\Lang\django1\metax\dq\templates\vrfy_form.html
c:\Lang\django1\metax\dq\templates\vrfy_list.html
c:\Lang\django1\metax\dq\__pycache__\admin.cpython-35.pyc
c:\Lang\django1\metax\dq\__pycache__\apps.cpython-35.pyc
c:\Lang\django1\metax\dq\__pycache__\forms.cpython-35.pyc
c:\Lang\django1\metax\dq\__pycache__\funcs.cpython-35.pyc
c:\Lang\django1\metax\dq\__pycache__\models.cpython-35.pyc
c:\Lang\django1\metax\dq\__pycache__\out_table.cpython-35.pyc
c:\Lang\django1\metax\dq\__pycache__\tasks.cpython-35.pyc
c:\Lang\django1\metax\dq\__pycache__\urls.cpython-35.pyc
c:\Lang\django1\metax\dq\__pycache__\views.cpython-35.pyc
c:\Lang\django1\metax\dq\__pycache__\__init__.cpython-35.pyc
c:\Lang\django1\metax\mdl2tbl\admin.py
c:\Lang\django1\metax\mdl2tbl\apps.py
c:\Lang\django1\metax\mdl2tbl\comp.py
c:\Lang\django1\metax\mdl2tbl\comp_aurora.py
c:\Lang\django1\metax\mdl2tbl\favicon.ico
c:\Lang\django1\metax\mdl2tbl\forms.py
c:\Lang\django1\metax\mdl2tbl\migrations
c:\Lang\django1\metax\mdl2tbl\models.py
c:\Lang\django1\metax\mdl2tbl\my_test.py
c:\Lang\django1\metax\mdl2tbl\ora_test.py
c:\Lang\django1\metax\mdl2tbl\static
c:\Lang\django1\metax\mdl2tbl\templates
c:\Lang\django1\metax\mdl2tbl\tests.py
c:\Lang\django1\metax\mdl2tbl\urls.py
c:\Lang\django1\metax\mdl2tbl\views.py
c:\Lang\django1\metax\mdl2tbl\__init__.py
c:\Lang\django1\metax\mdl2tbl\__pycache__
c:\Lang\django1\metax\mdl2tbl\migrations\__init__.py
c:\Lang\django1\metax\mdl2tbl\migrations\__pycache__
c:\Lang\django1\metax\mdl2tbl\migrations\__pycache__\__init__.cpython-35.pyc
c:\Lang\django1\metax\mdl2tbl\static\erd
c:\Lang\django1\metax\mdl2tbl\static\erd\print.css
c:\Lang\django1\metax\mdl2tbl\static\erd\style.css
c:\Lang\django1\metax\mdl2tbl\templates\mdl2tbl
c:\Lang\django1\metax\mdl2tbl\templates\mdl2tbl\comp.html
c:\Lang\django1\metax\mdl2tbl\templates\mdl2tbl\djbs01.html
c:\Lang\django1\metax\mdl2tbl\templates\mdl2tbl\djbs02.html
c:\Lang\django1\metax\mdl2tbl\templates\mdl2tbl\djbs03.html
c:\Lang\django1\metax\mdl2tbl\templates\mdl2tbl\djbs05.html
c:\Lang\django1\metax\mdl2tbl\templates\mdl2tbl\djbs06.html
c:\Lang\django1\metax\mdl2tbl\templates\mdl2tbl\djbs07.html
c:\Lang\django1\metax\mdl2tbl\templates\mdl2tbl\djbs09.html
c:\Lang\django1\metax\mdl2tbl\templates\mdl2tbl\djbs10.html
c:\Lang\django1\metax\mdl2tbl\templates\mdl2tbl\djbs11.html
c:\Lang\django1\metax\mdl2tbl\templates\mdl2tbl\djbs12.html
c:\Lang\django1\metax\mdl2tbl\templates\mdl2tbl\djbs14.html
c:\Lang\django1\metax\mdl2tbl\templates\mdl2tbl\erd.html
c:\Lang\django1\metax\mdl2tbl\templates\mdl2tbl\form_by_field.html
c:\Lang\django1\metax\mdl2tbl\templates\mdl2tbl\test.html
c:\Lang\django1\metax\mdl2tbl\__pycache__\admin.cpython-35.pyc
c:\Lang\django1\metax\mdl2tbl\__pycache__\comp.cpython-35.pyc
c:\Lang\django1\metax\mdl2tbl\__pycache__\comp_aurora.cpython-35.pyc
c:\Lang\django1\metax\mdl2tbl\__pycache__\forms.cpython-35.pyc
c:\Lang\django1\metax\mdl2tbl\__pycache__\models.cpython-35.pyc
c:\Lang\django1\metax\mdl2tbl\__pycache__\my_test.cpython-35.pyc
c:\Lang\django1\metax\mdl2tbl\__pycache__\ora_test.cpython-35.pyc
c:\Lang\django1\metax\mdl2tbl\__pycache__\urls.cpython-35.pyc
c:\Lang\django1\metax\mdl2tbl\__pycache__\views.cpython-35.pyc
c:\Lang\django1\metax\mdl2tbl\__pycache__\__init__.cpython-35.pyc
c:\Lang\django1\metax\metax\conn_info.py
c:\Lang\django1\metax\metax\dbMysql.py
c:\Lang\django1\metax\metax\dbOracle.py
c:\Lang\django1\metax\metax\dbSqlite.py
c:\Lang\django1\metax\metax\my_conn.py
c:\Lang\django1\metax\metax\settings.py
c:\Lang\django1\metax\metax\urls.py
c:\Lang\django1\metax\metax\wsgi.py
c:\Lang\django1\metax\metax\__init__.py
c:\Lang\django1\metax\metax\__pycache__
c:\Lang\django1\metax\metax\__pycache__\conn_info.cpython-35.pyc
c:\Lang\django1\metax\metax\__pycache__\dbMysql.cpython-35.pyc
c:\Lang\django1\metax\metax\__pycache__\dbOracle.cpython-35.pyc
c:\Lang\django1\metax\metax\__pycache__\dbSqlite.cpython-35.pyc
c:\Lang\django1\metax\metax\__pycache__\my_conn.cpython-35.pyc
c:\Lang\django1\metax\metax\__pycache__\settings.cpython-35.pyc
c:\Lang\django1\metax\metax\__pycache__\urls.cpython-35.pyc
c:\Lang\django1\metax\metax\__pycache__\wsgi.cpython-35.pyc
c:\Lang\django1\metax\metax\__pycache__\__init__.cpython-35.pyc
c:\Lang\django1\metax\static\admin
c:\Lang\django1\metax\static\css
c:\Lang\django1\metax\static\djng
c:\Lang\django1\metax\static\erd
c:\Lang\django1\metax\static\polls
c:\Lang\django1\metax\static\admin\css
c:\Lang\django1\metax\static\admin\fonts
c:\Lang\django1\metax\static\admin\img
c:\Lang\django1\metax\static\admin\js
c:\Lang\django1\metax\static\admin\css\base.css
c:\Lang\django1\metax\static\admin\css\changelists.css
c:\Lang\django1\metax\static\admin\css\dashboard.css
c:\Lang\django1\metax\static\admin\css\fonts.css
c:\Lang\django1\metax\static\admin\css\forms.css
c:\Lang\django1\metax\static\admin\css\login.css
c:\Lang\django1\metax\static\admin\css\rtl.css
c:\Lang\django1\metax\static\admin\css\widgets.css
c:\Lang\django1\metax\static\admin\fonts\LICENSE.txt
c:\Lang\django1\metax\static\admin\fonts\README.txt
c:\Lang\django1\metax\static\admin\fonts\Roboto-Bold-webfont.woff
c:\Lang\django1\metax\static\admin\fonts\Roboto-Light-webfont.woff
c:\Lang\django1\metax\static\admin\fonts\Roboto-Regular-webfont.woff
c:\Lang\django1\metax\static\admin\img\calendar-icons.svg
c:\Lang\django1\metax\static\admin\img\gis
c:\Lang\django1\metax\static\admin\img\icon-addlink.svg
c:\Lang\django1\metax\static\admin\img\icon-alert.svg
c:\Lang\django1\metax\static\admin\img\icon-calendar.svg
c:\Lang\django1\metax\static\admin\img\icon-changelink.svg
c:\Lang\django1\metax\static\admin\img\icon-clock.svg
c:\Lang\django1\metax\static\admin\img\icon-deletelink.svg
c:\Lang\django1\metax\static\admin\img\icon-no.svg
c:\Lang\django1\metax\static\admin\img\icon-unknown-alt.svg
c:\Lang\django1\metax\static\admin\img\icon-unknown.svg
c:\Lang\django1\metax\static\admin\img\icon-yes.svg
c:\Lang\django1\metax\static\admin\img\inline-delete.svg
c:\Lang\django1\metax\static\admin\img\LICENSE
c:\Lang\django1\metax\static\admin\img\README.txt
c:\Lang\django1\metax\static\admin\img\search.svg
c:\Lang\django1\metax\static\admin\img\selector-icons.svg
c:\Lang\django1\metax\static\admin\img\sorting-icons.svg
c:\Lang\django1\metax\static\admin\img\tooltag-add.svg
c:\Lang\django1\metax\static\admin\img\tooltag-arrowright.svg
c:\Lang\django1\metax\static\admin\img\gis\move_vertex_off.svg
c:\Lang\django1\metax\static\admin\img\gis\move_vertex_on.svg
c:\Lang\django1\metax\static\admin\js\actions.js
c:\Lang\django1\metax\static\admin\js\actions.min.js
c:\Lang\django1\metax\static\admin\js\admin
c:\Lang\django1\metax\static\admin\js\calendar.js
c:\Lang\django1\metax\static\admin\js\cancel.js
c:\Lang\django1\metax\static\admin\js\change_form.js
c:\Lang\django1\metax\static\admin\js\collapse.js
c:\Lang\django1\metax\static\admin\js\collapse.min.js
c:\Lang\django1\metax\static\admin\js\core.js
c:\Lang\django1\metax\static\admin\js\inlines.js
c:\Lang\django1\metax\static\admin\js\inlines.min.js
c:\Lang\django1\metax\static\admin\js\jquery.init.js
c:\Lang\django1\metax\static\admin\js\popup_response.js
c:\Lang\django1\metax\static\admin\js\prepopulate.js
c:\Lang\django1\metax\static\admin\js\prepopulate.min.js
c:\Lang\django1\metax\static\admin\js\prepopulate_init.js
c:\Lang\django1\metax\static\admin\js\SelectBox.js
c:\Lang\django1\metax\static\admin\js\SelectFilter2.js
c:\Lang\django1\metax\static\admin\js\timeparse.js
c:\Lang\django1\metax\static\admin\js\urlify.js
c:\Lang\django1\metax\static\admin\js\vendor
c:\Lang\django1\metax\static\admin\js\admin\DateTimeShortcuts.js
c:\Lang\django1\metax\static\admin\js\admin\RelatedObjectLookups.js
c:\Lang\django1\metax\static\admin\js\vendor\jquery
c:\Lang\django1\metax\static\admin\js\vendor\xregexp
c:\Lang\django1\metax\static\admin\js\vendor\jquery\jquery.js
c:\Lang\django1\metax\static\admin\js\vendor\jquery\jquery.min.js
c:\Lang\django1\metax\static\admin\js\vendor\jquery\LICENSE-JQUERY.txt
c:\Lang\django1\metax\static\admin\js\vendor\xregexp\LICENSE-XREGEXP.txt
c:\Lang\django1\metax\static\admin\js\vendor\xregexp\xregexp.js
c:\Lang\django1\metax\static\admin\js\vendor\xregexp\xregexp.min.js
c:\Lang\django1\metax\static\css\blog.css
c:\Lang\django1\metax\static\djng\css
c:\Lang\django1\metax\static\djng\icons
c:\Lang\django1\metax\static\djng\js
c:\Lang\django1\metax\static\djng\css\bootstrap3.css
c:\Lang\django1\metax\static\djng\css\fileupload.css
c:\Lang\django1\metax\static\djng\css\styles.css
c:\Lang\django1\metax\static\djng\icons\aac.png
c:\Lang\django1\metax\static\djng\icons\ai.png
c:\Lang\django1\metax\static\djng\icons\aiff.png
c:\Lang\django1\metax\static\djng\icons\avi.png
c:\Lang\django1\metax\static\djng\icons\bmp.png
c:\Lang\django1\metax\static\djng\icons\c.png
c:\Lang\django1\metax\static\djng\icons\cpp.png
c:\Lang\django1\metax\static\djng\icons\CREDITS.md
c:\Lang\django1\metax\static\djng\icons\css.png
c:\Lang\django1\metax\static\djng\icons\csv.png
c:\Lang\django1\metax\static\djng\icons\dat.png
c:\Lang\django1\metax\static\djng\icons\dmg.png
c:\Lang\django1\metax\static\djng\icons\doc.png
c:\Lang\django1\metax\static\djng\icons\dotx.png
c:\Lang\django1\metax\static\djng\icons\dwg.png
c:\Lang\django1\metax\static\djng\icons\dxf.png
c:\Lang\django1\metax\static\djng\icons\eps.png
c:\Lang\django1\metax\static\djng\icons\exe.png
c:\Lang\django1\metax\static\djng\icons\file
c:\Lang\django1\metax\static\djng\icons\flv.png
c:\Lang\django1\metax\static\djng\icons\gif.png
c:\Lang\django1\metax\static\djng\icons\h.png
c:\Lang\django1\metax\static\djng\icons\hpp.png
c:\Lang\django1\metax\static\djng\icons\html.png
c:\Lang\django1\metax\static\djng\icons\ics.png
c:\Lang\django1\metax\static\djng\icons\image
c:\Lang\django1\metax\static\djng\icons\iso.png
c:\Lang\django1\metax\static\djng\icons\java.png
c:\Lang\django1\metax\static\djng\icons\jpg.png
c:\Lang\django1\metax\static\djng\icons\js.png
c:\Lang\django1\metax\static\djng\icons\key.png
c:\Lang\django1\metax\static\djng\icons\less.png
c:\Lang\django1\metax\static\djng\icons\mid.png
c:\Lang\django1\metax\static\djng\icons\mp3.png
c:\Lang\django1\metax\static\djng\icons\mp4.png
c:\Lang\django1\metax\static\djng\icons\mpg.png
c:\Lang\django1\metax\static\djng\icons\odf.png
c:\Lang\django1\metax\static\djng\icons\ods.png
c:\Lang\django1\metax\static\djng\icons\odt.png
c:\Lang\django1\metax\static\djng\icons\otp.png
c:\Lang\django1\metax\static\djng\icons\ots.png
c:\Lang\django1\metax\static\djng\icons\ott.png
c:\Lang\django1\metax\static\djng\icons\pdf.png
c:\Lang\django1\metax\static\djng\icons\php.png
c:\Lang\django1\metax\static\djng\icons\png.png
c:\Lang\django1\metax\static\djng\icons\ppt.png
c:\Lang\django1\metax\static\djng\icons\psd.png
c:\Lang\django1\metax\static\djng\icons\py.png
c:\Lang\django1\metax\static\djng\icons\qt.png
c:\Lang\django1\metax\static\djng\icons\rar.png
c:\Lang\django1\metax\static\djng\icons\rb.png
c:\Lang\django1\metax\static\djng\icons\rtf.png
c:\Lang\django1\metax\static\djng\icons\sass.png
c:\Lang\django1\metax\static\djng\icons\scss.png
c:\Lang\django1\metax\static\djng\icons\sql.png
c:\Lang\django1\metax\static\djng\icons\tga.png
c:\Lang\django1\metax\static\djng\icons\tgz.png
c:\Lang\django1\metax\static\djng\icons\tiff.png
c:\Lang\django1\metax\static\djng\icons\txt.png
c:\Lang\django1\metax\static\djng\icons\wav.png
c:\Lang\django1\metax\static\djng\icons\xls.png
c:\Lang\django1\metax\static\djng\icons\xlsx.png
c:\Lang\django1\metax\static\djng\icons\xml.png
c:\Lang\django1\metax\static\djng\icons\yml.png
c:\Lang\django1\metax\static\djng\icons\zip.png
c:\Lang\django1\metax\static\djng\icons\_blank.png
c:\Lang\django1\metax\static\djng\icons\_page.png
c:\Lang\django1\metax\static\djng\icons\file\download.svg
c:\Lang\django1\metax\static\djng\icons\file\trash.svg
c:\Lang\django1\metax\static\djng\icons\image\download.svg
c:\Lang\django1\metax\static\djng\icons\image\trash.svg
c:\Lang\django1\metax\static\djng\js\django-angular.js
c:\Lang\django1\metax\static\djng\js\django-angular.min.js
c:\Lang\django1\metax\static\erd\print.css
c:\Lang\django1\metax\static\erd\style.css
c:\Lang\django1\metax\static\polls\style.css
c:\Lang\django1\metax\templates\admin
c:\Lang\django1\metax\templates\angular.html
c:\Lang\django1\metax\templates\base.html
c:\Lang\django1\metax\templates\bootstrap.html
c:\Lang\django1\metax\templates\cd_ajax.html
c:\Lang\django1\metax\templates\cd_angular.html
c:\Lang\django1\metax\templates\ckeditor.html
c:\Lang\django1\metax\templates\datarange.html
c:\Lang\django1\metax\templates\datatable.html
c:\Lang\django1\metax\templates\menu.html
c:\Lang\django1\metax\templates\registration
c:\Lang\django1\metax\templates\tinymce.html
c:\Lang\django1\metax\templates\admin\404.html
c:\Lang\django1\metax\templates\admin\500.html
c:\Lang\django1\metax\templates\admin\actions.html
c:\Lang\django1\metax\templates\admin\app_index.html
c:\Lang\django1\metax\templates\admin\auth
c:\Lang\django1\metax\templates\admin\base.html
c:\Lang\django1\metax\templates\admin\base_site.html
c:\Lang\django1\metax\templates\admin\change_form.html
c:\Lang\django1\metax\templates\admin\change_list.html
c:\Lang\django1\metax\templates\admin\change_list_results.html
c:\Lang\django1\metax\templates\admin\date_hierarchy.html
c:\Lang\django1\metax\templates\admin\delete_confirmation.html
c:\Lang\django1\metax\templates\admin\delete_selected_confirmation.html
c:\Lang\django1\metax\templates\admin\edit_inline
c:\Lang\django1\metax\templates\admin\filter.html
c:\Lang\django1\metax\templates\admin\includes
c:\Lang\django1\metax\templates\admin\index.html
c:\Lang\django1\metax\templates\admin\invalid_setup.html
c:\Lang\django1\metax\templates\admin\login.html
c:\Lang\django1\metax\templates\admin\object_history.html
c:\Lang\django1\metax\templates\admin\pagination.html
c:\Lang\django1\metax\templates\admin\popup_response.html
c:\Lang\django1\metax\templates\admin\prepopulated_fields_js.html
c:\Lang\django1\metax\templates\admin\related_widget_wrapper.html
c:\Lang\django1\metax\templates\admin\search_form.html
c:\Lang\django1\metax\templates\admin\submit_line.html
c:\Lang\django1\metax\templates\admin\widgets
c:\Lang\django1\metax\templates\admin\auth\user
c:\Lang\django1\metax\templates\admin\auth\user\add_form.html
c:\Lang\django1\metax\templates\admin\auth\user\change_password.html
c:\Lang\django1\metax\templates\admin\edit_inline\stacked.html
c:\Lang\django1\metax\templates\admin\edit_inline\tabular.html
c:\Lang\django1\metax\templates\admin\includes\fieldset.html
c:\Lang\django1\metax\templates\admin\includes\object_delete_summary.html
c:\Lang\django1\metax\templates\admin\widgets\clearable_file_input.html
c:\Lang\django1\metax\templates\admin\widgets\foreign_key_raw_id.html
c:\Lang\django1\metax\templates\admin\widgets\many_to_many_raw_id.html
c:\Lang\django1\metax\templates\admin\widgets\radio.html
c:\Lang\django1\metax\templates\admin\widgets\related_widget_wrapper.html
c:\Lang\django1\metax\templates\admin\widgets\split_datetime.html
c:\Lang\django1\metax\templates\admin\widgets\url.html
c:\Lang\django1\metax\templates\registration\logged_out.html
c:\Lang\django1\metax\templates\registration\login.html
c:\Lang\django1\metax\__pycache__\manage.cpython-35.pyc
